"hi"
"777"
"...{1, 2, 3, 4}..."
"777 {1, 2, 3, 4} 777"
