"The length of the string "10^6 = 1000000" is 14"
