"Hi (with Double Quotes)"
"Hi (with Double Quotes)"
"Hi (with Single Quotes)"
"Hi (with Single Quotes)"
1
1
