[Integer:
  8]
[Integer:
  8]
[Hexadecimal:
  '0xd']
[Binary:
  '0b11000']
