"if 1"
"if 2"
"if-else 3"
"if-else 4"
"for 0 1"
"for 0 2"
"for 1 1"
"for 1 2"
"for 2 1"
"for 2 2"
"for 3 1"
"for 3 2"
"for 4 1"
"for 4 2"
"while 4.0 1"
"while 4.0 2"
"while 1.3333333333333333 1"
"while 1.3333333333333333 2"
"while 0.4444444444444444 1"
"while 0.4444444444444444 2"
