[Integer:
  720]
[Float:
  5.999999999999999]
[Float:
  2880.0]
[Float:
  6.719736481235873]
