[Integer:
  0]
[Float:
  0.0]
[Float:
  0.0]
[Float:
  0.0]
