[Integer:
  3]
[Integer:
  4]
[Integer:
  5]
[Integer:
  3]
[Integer:
  4]
[Integer:
  5]
[List:
  [
    Integer:
      1
    Integer:
      2
    Integer:
      3
  ]]
